// Jest Snapshot v1, https://goo.gl/fbAQLP

exports[`directives.css 1`] = `
@import (multiple) "foo.less";
~~~~~~~~~~~~~~~~~~~~~~~~~~~~~~~~~~~~~~~~~~~~~~~~~~~~~~~~~~~~~~~~~~~~~~~~~~~~~~~~
@import (multiple) "foo.less";

`;

exports[`multiple.css 1`] = `
/* This isn't valid CSS, SCSS or Less, but we should be lenient and make sure
/* that nothing is lost when printing. */
@import "one" two "three";
~~~~~~~~~~~~~~~~~~~~~~~~~~~~~~~~~~~~~~~~~~~~~~~~~~~~~~~~~~~~~~~~~~~~~~~~~~~~~~~~
/* This isn't valid CSS, SCSS or Less, but we should be lenient and make sure
/* that nothing is lost when printing. */
@import "one" two "three";

`;

exports[`nested.css 1`] = `
#main {
    @import "example";
}
#main {
@import "example";
}
#main {
    @import "example" ;
}
#main {
    @import  "example"  ;
}
#main {
    @import
        "example";
}
#main
{
@import
"example";
}
#main

{

@import

"example";

}
~~~~~~~~~~~~~~~~~~~~~~~~~~~~~~~~~~~~~~~~~~~~~~~~~~~~~~~~~~~~~~~~~~~~~~~~~~~~~~~~
#main {
  @import "example";
}
#main {
  @import "example";
}
#main {
  @import "example";
}
#main {
  @import "example";
}
#main {
  @import "example";
}
#main {
  @import "example";
}
#main {
  @import "example";
}

`;

exports[`nodes.css 1`] = `
@import "test.less" {}

@import "test.less" {
  a: b;
  c: d;
}
~~~~~~~~~~~~~~~~~~~~~~~~~~~~~~~~~~~~~~~~~~~~~~~~~~~~~~~~~~~~~~~~~~~~~~~~~~~~~~~~
@import "test.less" {
}

@import "test.less" {
  a: b;
  c: d;
}

`;

exports[`url.css 1`] = `
@import url('foo');
$dir: 'fonts';

@import url("foo.css");
@import url('foo.css');
@import  url("foo.css");
@import   url("foo.css");
@import url("fineprint.css")print;
@import url("fineprint.css") print;
@import url("fineprint.css")  print;
@import url("fineprint.css")
  print;
@import url("bluish.css") projection,tv;
@import url("bluish.css") projection, tv;
@import url("bluish.css") projection ,tv;
@import url("bluish.css") projection , tv;
@import url("bluish.css") projection  ,  tv;
@import url("bluish.css")
  projection,
  tv;
@import url("very-very-very-very-very-very-very-very-very-very-long-name.css") projection,tv;
@import url('landscape.css') screen and (orientation:landscape);
@import "rounded-corners", "text-shadow";
@import 'rounded-corners', 'text-shadow';
$family: unquote("Droid+Sans");
@import url("http://fonts.googleapis.com/css?family=#{$family}");
@import url( "foo.css");
@import url("foo.css" );
@import url( "foo.css" );
@import url(  "foo.css"  );
@import url("foo bar baz.css");
@import url(  "foo bar baz.css"  );
@import url("foo  bar  baz.css");
@import url(
"foo.css"
);
~~~~~~~~~~~~~~~~~~~~~~~~~~~~~~~~~~~~~~~~~~~~~~~~~~~~~~~~~~~~~~~~~~~~~~~~~~~~~~~~
@import url("foo");
$dir: "fonts";

@import url("foo.css");
@import url("foo.css");
@import url("foo.css");
@import url("foo.css");
@import url("fineprint.css") print;
@import url("fineprint.css") print;
@import url("fineprint.css") print;
@import url("fineprint.css") print;
@import url("bluish.css") projection, tv;
@import url("bluish.css") projection, tv;
@import url("bluish.css") projection, tv;
@import url("bluish.css") projection, tv;
@import url("bluish.css") projection, tv;
@import url("bluish.css") projection, tv;
@import url("very-very-very-very-very-very-very-very-very-very-long-name.css")
  projection,
  tv;
@import url("landscape.css") screen and (orientation: landscape);
@import "rounded-corners", "text-shadow";
@import "rounded-corners", "text-shadow";
$family: unquote("Droid+Sans");
@import url("http://fonts.googleapis.com/css?family=#{$family}");
@import url("foo.css");
@import url("foo.css");
@import url("foo.css");
@import url("foo.css");
@import url("foo bar baz.css");
@import url("foo bar baz.css");
@import url("foo  bar  baz.css");
@import url("foo.css");

`;
