// Jest Snapshot v1, https://goo.gl/fbAQLP

exports[`media.css 1`] = `
@media screen and (min-width: 480px) {}
@media  screen and (min-width: 480px) {}
@MEDIA screen and (min-width: 480px) {}
@MEDIA screen  and (min-width: 480px) {}
@media screen and  (min-width: 480px) {}
@media screen and (min-width: 480px) {}
@media screen and (min-width :480px) {}
@media screen and (min-width : 480px) {}
@media screen and (min-width  :  480px) {}
@media
  screen
  and
  (min-width
  :
  480px) {}
@media screen and ( min-width: 480px) {}
@media screen and (min-width: 480px ) {}
@media screen and ( min-width: 480px ) {}
@media screen and (  min-width:  480px  ) {}
@media not screen and (color), print and (color) { }
@media not screen and (color) , print and (color) { }
@media not screen and (color),print and (color) { }
@media not screen and (color) , print and (color) { }
@media not screen and (color)  ,  print and (color) { }
@media not screen and ( color), print and (color) { }
@media not screen and (color ), print and (color) { }
@media not screen and ( color ), print and (color) { }
@media not screen and (  color  ), print and (color) { }
~~~~~~~~~~~~~~~~~~~~~~~~~~~~~~~~~~~~~~~~~~~~~~~~~~~~~~~~~~~~~~~~~~~~~~~~~~~~~~~~
@media screen and (min-width: 480px) {
}
@media screen and (min-width: 480px) {
}
@media screen and (min-width: 480px) {
}
@media screen and (min-width: 480px) {
}
@media screen and (min-width: 480px) {
}
@media screen and (min-width: 480px) {
}
@media screen and (min-width: 480px) {
}
@media screen and (min-width: 480px) {
}
@media screen and (min-width: 480px) {
}
@media screen and (min-width: 480px) {
}
@media screen and (min-width: 480px) {
}
@media screen and (min-width: 480px) {
}
@media screen and (min-width: 480px) {
}
@media screen and (min-width: 480px) {
}
@media not screen and (color), print and (color) {
}
@media not screen and (color), print and (color) {
}
@media not screen and (color), print and (color) {
}
@media not screen and (color), print and (color) {
}
@media not screen and (color), print and (color) {
}
@media not screen and (color), print and (color) {
}
@media not screen and (color), print and (color) {
}
@media not screen and (color), print and (color) {
}
@media not screen and (color), print and (color) {
}

`;

exports[`nested.css 1`] = `
.screen-color {
    @media screen {
        color: green;

        @media (min-width: 768px) {
            color: red;
        }
    }
    @media tv {
        color: black;
    }
}
.screen-color {
@media screen {
color: green;

@media (min-width: 768px) {
color: red;
}
}
@media tv {
color: black;
}
}
.screen-color{
    @media screen{
        color: green;

        @media (min-width: 768px){
            color: red;
        }
    }
    @media tv{
        color: black;
    }
}
.screen-color  {
    @media screen  {
        color: green;

        @media (min-width: 768px)  {
            color: red;
        }
    }
    @media tv  {
        color: black;
    }
}
.screen-color
{
@media
screen
{
color
:
green
;
@media
(
min-width
:
768px
)
{
color
:
red
;
}
}
@media
tv
{
color
:
black
;
}
}
.screen-color

{

@media

screen

{

color

:

green

;

@media

(

min-width

:

768px

)

{

color

:

red

;

}

}

@media

tv

{

color

:

black

;

}

}
~~~~~~~~~~~~~~~~~~~~~~~~~~~~~~~~~~~~~~~~~~~~~~~~~~~~~~~~~~~~~~~~~~~~~~~~~~~~~~~~
.screen-color {
  @media screen {
    color: green;

    @media (min-width: 768px) {
      color: red;
    }
  }
  @media tv {
    color: black;
  }
}
.screen-color {
  @media screen {
    color: green;

    @media (min-width: 768px) {
      color: red;
    }
  }
  @media tv {
    color: black;
  }
}
.screen-color {
  @media screen {
    color: green;

    @media (min-width: 768px) {
      color: red;
    }
  }
  @media tv {
    color: black;
  }
}
.screen-color {
  @media screen {
    color: green;

    @media (min-width: 768px) {
      color: red;
    }
  }
  @media tv {
    color: black;
  }
}
.screen-color {
  @media screen {
    color: green;
    @media (min-width: 768px) {
      color: red;
    }
  }
  @media tv {
    color: black;
  }
}
.screen-color {
  @media screen {
    color: green;

    @media (min-width: 768px) {
      color: red;
    }
  }

  @media tv {
    color: black;
  }
}

`;

exports[`overflow.css 1`] = `
@media all and (-webkit-min-device-pixel-ratio: 1.5), all and (-o-min-device-pixel-ratio: 3/2), all and (min--moz-device-pixel-ratio: 1.5), all and (min-device-pixel-ratio: 1.5) {
}
~~~~~~~~~~~~~~~~~~~~~~~~~~~~~~~~~~~~~~~~~~~~~~~~~~~~~~~~~~~~~~~~~~~~~~~~~~~~~~~~
@media all and (-webkit-min-device-pixel-ratio: 1.5),
  all and (-o-min-device-pixel-ratio: 3/2),
  all and (min--moz-device-pixel-ratio: 1.5),
  all and (min-device-pixel-ratio: 1.5) {
}

`;
